// Jest Snapshot v1, https://goo.gl/fbAQLP

exports[`cli should match meow with cli information 1`] = `
Array [
  Array [
    "
  Usage
    $ gitcooper
  Options
    --config, -g     Setup gitcooper-cli preferences.
    --commit, -c    Interactively commit using the prompts
    --coAuthors,    Show option to add Co-Authors on commit. Works only with --commmit option
    --refs,         Show option to add issue on commit. Works only with --commmit option
    --timeEntry,    Create a time entry registry on redmine
    --changeStatus  Show options to change issue status after commit
    --list, -l      List all the available gitmojis
    --search, -s    Search gitmojis
    --version, -v   Print gitcooper-cli installed version
    --update, -u    Sync emoji list with the repo
",
    Object {
      "flags": Object {
        "changeStatus": Object {
          "type": "boolean",
        },
        "coAuthors": Object {
          "type": "boolean",
        },
        "commit": Object {
          "alias": "c",
          "type": "boolean",
        },
        "config": Object {
          "alias": "g",
          "type": "boolean",
        },
        "help": Object {
          "alias": "h",
          "type": "boolean",
        },
        "init": Object {
          "alias": "i",
          "type": "boolean",
        },
        "list": Object {
          "alias": "l",
          "type": "boolean",
        },
        "refs": Object {
          "type": "boolean",
        },
        "remove": Object {
          "alias": "r",
          "type": "boolean",
        },
        "sandbox": Object {
          "type": "boolean",
        },
        "search": Object {
          "alias": "s",
          "type": "boolean",
        },
        "timeEntry": Object {
          "type": "boolean",
        },
        "update": Object {
          "alias": "u",
          "type": "boolean",
        },
        "version": Object {
          "alias": "v",
          "type": "boolean",
        },
      },
    },
  ],
]
`;
